// Jest Snapshot v1, https://goo.gl/fbAQLP

exports[`Welcome (Snapshot) renders without crashing 1`] = `
<div
  className="ui fluid container"
  style={
    Object {
      "padding": "1em",
    }
  }
>
  <h2
    className="ui header"
    style={
      Object {
        "margin": "1em 0em ",
      }
    }
  >
    The Popular Movie Bank
  </h2>
  <p>
    Popular Movies
  </p>
  <div
    className="ui very relaxed five column grid"
  />
</div>
`;
